// Jest Snapshot v1, https://goo.gl/fbAQLP

exports[`TestSampleコンポーネント スナップショットテスト2 1`] = `
<DocumentFragment>
  <main>
    <h1>
      Nextjs+Jestのサンプルサプリ
    </h1>
    <p>
      設定がすごく楽になりました。
    </p>
    <p>
      スナップショット後に付け足されたよ
    </p>
    <a
      href="/jump-dst-direct"
    >
      ▶︎ 遷移先ページ（直接） へ遷移する
    </a>
  </main>
</DocumentFragment>
`;
